------------------------------------------------------------
Timing Analyzer Summary
------------------------------------------------------------

Type  : Slow 1100mV 85C Model Setup 'VGA:control|dividerClock:cmh|co'
Slack : -5.890
TNS   : -272.835

Type  : Slow 1100mV 85C Model Setup 'clk'
Slack : -3.082
TNS   : -106.303

Type  : Slow 1100mV 85C Model Hold 'clk'
Slack : 0.529
TNS   : 0.000

Type  : Slow 1100mV 85C Model Hold 'VGA:control|dividerClock:cmh|co'
Slack : 0.935
TNS   : 0.000

Type  : Slow 1100mV 85C Model Minimum Pulse Width 'VGA:control|dividerClock:cmh|co'
Slack : -2.174
TNS   : -176.918

Type  : Slow 1100mV 85C Model Minimum Pulse Width 'clk'
Slack : -0.921
TNS   : -21.407

Type  : Slow 1100mV 0C Model Setup 'VGA:control|dividerClock:cmh|co'
Slack : -5.919
TNS   : -272.032

Type  : Slow 1100mV 0C Model Setup 'clk'
Slack : -3.344
TNS   : -103.561

Type  : Slow 1100mV 0C Model Hold 'clk'
Slack : 0.541
TNS   : 0.000

Type  : Slow 1100mV 0C Model Hold 'VGA:control|dividerClock:cmh|co'
Slack : 0.924
TNS   : 0.000

Type  : Slow 1100mV 0C Model Minimum Pulse Width 'VGA:control|dividerClock:cmh|co'
Slack : -2.174
TNS   : -175.758

Type  : Slow 1100mV 0C Model Minimum Pulse Width 'clk'
Slack : -0.917
TNS   : -23.872

Type  : Fast 1100mV 85C Model Setup 'VGA:control|dividerClock:cmh|co'
Slack : -2.911
TNS   : -134.133

Type  : Fast 1100mV 85C Model Setup 'clk'
Slack : -1.762
TNS   : -50.564

Type  : Fast 1100mV 85C Model Hold 'clk'
Slack : 0.269
TNS   : 0.000

Type  : Fast 1100mV 85C Model Hold 'VGA:control|dividerClock:cmh|co'
Slack : 0.435
TNS   : 0.000

Type  : Fast 1100mV 85C Model Minimum Pulse Width 'VGA:control|dividerClock:cmh|co'
Slack : -2.174
TNS   : -162.842

Type  : Fast 1100mV 85C Model Minimum Pulse Width 'clk'
Slack : -0.818
TNS   : -4.232

Type  : Fast 1100mV 0C Model Setup 'VGA:control|dividerClock:cmh|co'
Slack : -2.652
TNS   : -120.033

Type  : Fast 1100mV 0C Model Setup 'clk'
Slack : -1.662
TNS   : -42.180

Type  : Fast 1100mV 0C Model Hold 'clk'
Slack : 0.256
TNS   : 0.000

Type  : Fast 1100mV 0C Model Hold 'VGA:control|dividerClock:cmh|co'
Slack : 0.396
TNS   : 0.000

Type  : Fast 1100mV 0C Model Minimum Pulse Width 'VGA:control|dividerClock:cmh|co'
Slack : -2.174
TNS   : -161.669

Type  : Fast 1100mV 0C Model Minimum Pulse Width 'clk'
Slack : -0.765
TNS   : -4.286

------------------------------------------------------------
