------------------------------------------------------------
Timing Analyzer Summary
------------------------------------------------------------

Type  : Slow 1100mV 85C Model Setup 'clk'
Slack : -12.531
TNS   : -14273.719

Type  : Slow 1100mV 85C Model Setup 'VGA:control|dividerClock:cmh|co'
Slack : -8.100
TNS   : -388.738

Type  : Slow 1100mV 85C Model Hold 'clk'
Slack : 0.468
TNS   : 0.000

Type  : Slow 1100mV 85C Model Hold 'VGA:control|dividerClock:cmh|co'
Slack : 0.878
TNS   : 0.000

Type  : Slow 1100mV 85C Model Minimum Pulse Width 'VGA:control|dividerClock:cmh|co'
Slack : -2.174
TNS   : -180.941

Type  : Slow 1100mV 85C Model Minimum Pulse Width 'clk'
Slack : -0.737
TNS   : -722.666

Type  : Slow 1100mV 0C Model Setup 'clk'
Slack : -12.166
TNS   : -13986.580

Type  : Slow 1100mV 0C Model Setup 'VGA:control|dividerClock:cmh|co'
Slack : -8.175
TNS   : -383.904

Type  : Slow 1100mV 0C Model Hold 'clk'
Slack : 0.461
TNS   : 0.000

Type  : Slow 1100mV 0C Model Hold 'VGA:control|dividerClock:cmh|co'
Slack : 0.819
TNS   : 0.000

Type  : Slow 1100mV 0C Model Minimum Pulse Width 'VGA:control|dividerClock:cmh|co'
Slack : -2.174
TNS   : -179.904

Type  : Slow 1100mV 0C Model Minimum Pulse Width 'clk'
Slack : -0.740
TNS   : -774.239

Type  : Fast 1100mV 85C Model Setup 'clk'
Slack : -7.481
TNS   : -8098.022

Type  : Fast 1100mV 85C Model Setup 'VGA:control|dividerClock:cmh|co'
Slack : -4.370
TNS   : -210.861

Type  : Fast 1100mV 85C Model Hold 'clk'
Slack : 0.259
TNS   : 0.000

Type  : Fast 1100mV 85C Model Hold 'VGA:control|dividerClock:cmh|co'
Slack : 0.440
TNS   : 0.000

Type  : Fast 1100mV 85C Model Minimum Pulse Width 'VGA:control|dividerClock:cmh|co'
Slack : -2.174
TNS   : -164.259

Type  : Fast 1100mV 85C Model Minimum Pulse Width 'clk'
Slack : -0.661
TNS   : -115.945

Type  : Fast 1100mV 0C Model Setup 'clk'
Slack : -6.620
TNS   : -7216.506

Type  : Fast 1100mV 0C Model Setup 'VGA:control|dividerClock:cmh|co'
Slack : -3.936
TNS   : -187.196

Type  : Fast 1100mV 0C Model Hold 'clk'
Slack : 0.235
TNS   : 0.000

Type  : Fast 1100mV 0C Model Hold 'VGA:control|dividerClock:cmh|co'
Slack : 0.398
TNS   : 0.000

Type  : Fast 1100mV 0C Model Minimum Pulse Width 'VGA:control|dividerClock:cmh|co'
Slack : -2.174
TNS   : -162.522

Type  : Fast 1100mV 0C Model Minimum Pulse Width 'clk'
Slack : -0.637
TNS   : -115.778

------------------------------------------------------------
